// Jest Snapshot v1, https://goo.gl/fbAQLP

exports[`App tests snapshot test 1`] = `
<Fragment>
  <List
    bordered={true}
    dataSource={
      Array [
        Object {
          "id": 1,
          "title": "album",
          "userId": 1,
        },
      ]
    }
    header={
      <h3>
        Album list
      </h3>
    }
    renderItem={[Function]}
  />
  <Modal
    confirmLoading={false}
    maskTransitionName="fade"
    okType="primary"
    onCancel={[Function]}
    onOk={[Function]}
    transitionName="zoom"
    visible={false}
    width={800}
  >
    <img
      alt="full"
    />
  </Modal>
</Fragment>
`;
